
HAFSAH@LAPTOP-BOG2B6JT MINGW64 ~/Documents/workshop (master)
$ git init .
Reinitialized existing Git repository in C:/Users/HAFSAH/Documents/workshop/.git/

HAFSAH@LAPTOP-BOG2B6JT MINGW64 ~/Documents/workshop (master)
$ git add .

HAFSAH@LAPTOP-BOG2B6JT MINGW64 ~/Documents/workshop (master)
$ git commit -m "213307011.txt"
On branch master
nothing to commit, working tree clean

HAFSAH@LAPTOP-BOG2B6JT MINGW64 ~/Documents/workshop (master)
$ git status
On branch master
nothing to commit, working tree clean

HAFSAH@LAPTOP-BOG2B6JT MINGW64 ~/Documents/workshop (master)
$

